00:00 +0: loading /private/tmp/blab-invite-baseline.rhba7V/test/bubble_expand_test.dart
00:00 +0: /private/tmp/blab-invite-baseline.rhba7V/test/bubble_expand_test.dart: short Practice bubbles hug their text instead of sharing a minimum width
00:00 +1: /private/tmp/blab-invite-baseline.rhba7V/test/bubble_expand_test.dart: short Practice bubbles hug their text instead of sharing a minimum width
00:00 +2: /private/tmp/blab-invite-baseline.rhba7V/test/bubble_expand_test.dart: short Practice bubbles hug their text instead of sharing a minimum width
00:00 +2 -1: /private/tmp/blab-invite-baseline.rhba7V/test/bubble_expand_test.dart: short Practice bubbles hug their text instead of sharing a minimum width
00:00 +2 -1: /private/tmp/blab-invite-baseline.rhba7V/test/message_learning_content_test.dart: inline correction keeps cosmetic edits clean and strikes replacement [E]
  Expected: [
              (String, bool):(Was , false),
              (String, bool):(machen, true),
              (String, bool):( machst du?, false)
            ]
    Actual: [
              (String, bool):(Was , false),
              (String, bool):(machen, true),
              (String, bool):( , false),
              (String, bool):(machst, false),
              (String, bool):( du, false),
              (String, bool):(?, false)
            ]
     Which: at location [2] is (String, bool):<( , false)> instead of (String, bool):<( machst du?, false)>

  package:matcher                                     expect
  package:flutter_test/src/widget_tester.dart 473:18  expect
  test/message_learning_content_test.dart 122:7       main.<fn>

00:00 +3 -1: /private/tmp/blab-invite-baseline.rhba7V/test/bubble_expand_test.dart: short Practice bubbles hug their text instead of sharing a minimum width
00:00 +3 -1: /private/tmp/blab-invite-baseline.rhba7V/test/translation_preferences_screen_test.dart: renders the approved quiet preference hierarchy
══╡ EXCEPTION CAUGHT BY FLUTTER FRAMEWORK ╞═════════════════════════════════════════════════════════
The following assertion was thrown:
ListTile background color or ink splashes may be invisible.
The ListTile is wrapped in a DecoratedBox that has a background color. Because ListTile paints its
background and ink splashes on the nearest Material ancestor, this DecoratedBox will hide those
effects.
To fix this, wrap the ListTile in its own Material widget, or remove the background color from the
intermediate DecoratedBox.

ListTile: ListTile(onTap: Closure: () => void)
DecoratedBox:
  DecoratedBox(bg: BoxDecoration(color: Color(alpha: 1.0000, red: 1.0000, green: 0.9882, blue: 0.9725, colorSpace: ColorSpace.sRGB), border: Border.all(BorderSide(color: Color(alpha: 1.0000, red: 0.8824, green: 0.8549, blue: 0.8235, colorSpace: ColorSpace.sRGB))), borderRadius: BorderRadius.circular(14.0)))
════════════════════════════════════════════════════════════════════════════════════════════════════
══╡ EXCEPTION CAUGHT BY FLUTTER FRAMEWORK ╞═════════════════════════════════════════════════════════
The following assertion was thrown:
ListTile background color or ink splashes may be invisible.
The ListTile is wrapped in a DecoratedBox that has a background color. Because ListTile paints its
background and ink splashes on the nearest Material ancestor, this DecoratedBox will hide those
effects.
To fix this, wrap the ListTile in its own Material widget, or remove the background color from the
intermediate DecoratedBox.

ListTile: ListTile(onTap: Closure: () => void)
DecoratedBox:
  DecoratedBox(bg: BoxDecoration(color: Color(alpha: 1.0000, red: 1.0000, green: 0.9882, blue: 0.9725, colorSpace: ColorSpace.sRGB), border: Border.all(BorderSide(color: Color(alpha: 1.0000, red: 0.8824, green: 0.8549, blue: 0.8235, colorSpace: ColorSpace.sRGB))), borderRadius: BorderRadius.circular(14.0)))
════════════════════════════════════════════════════════════════════════════════════════════════════
══╡ EXCEPTION CAUGHT BY FLUTTER FRAMEWORK ╞═════════════════════════════════════════════════════════
The following assertion was thrown:
ListTile background color or ink splashes may be invisible.
The ListTile is wrapped in a DecoratedBox that has a background color. Because ListTile paints its
background and ink splashes on the nearest Material ancestor, this DecoratedBox will hide those
effects.
To fix this, wrap the ListTile in its own Material widget, or remove the background color from the
intermediate DecoratedBox.

ListTile: ListTile(onTap: Closure: () => void)
DecoratedBox:
  DecoratedBox(bg: BoxDecoration(color: Color(alpha: 1.0000, red: 1.0000, green: 0.9882, blue: 0.9725, colorSpace: ColorSpace.sRGB), border: Border.all(BorderSide(color: Color(alpha: 1.0000, red: 0.8824, green: 0.8549, blue: 0.8235, colorSpace: ColorSpace.sRGB))), borderRadius: BorderRadius.circular(14.0)))
════════════════════════════════════════════════════════════════════════════════════════════════════
00:00 +4 -1: /private/tmp/blab-invite-baseline.rhba7V/test/bubble_expand_test.dart: short Practice bubbles hug their text instead of sharing a minimum width
00:00 +5 -1: /private/tmp/blab-invite-baseline.rhba7V/test/bubble_expand_test.dart: short Practice bubbles hug their text instead of sharing a minimum width
00:00 +6 -1: /private/tmp/blab-invite-baseline.rhba7V/test/bubble_expand_test.dart: short Practice bubbles hug their text instead of sharing a minimum width
00:00 +7 -1: /private/tmp/blab-invite-baseline.rhba7V/test/bubble_expand_test.dart: short Practice bubbles hug their text instead of sharing a minimum width
00:00 +7 -1: /private/tmp/blab-invite-baseline.rhba7V/test/translation_preferences_screen_test.dart: renders the approved quiet preference hierarchy
══╡ EXCEPTION CAUGHT BY FLUTTER FRAMEWORK ╞═════════════════════════════════════════════════════════
The following assertion was thrown:
ListTile background color or ink splashes may be invisible.
The ListTile is wrapped in a DecoratedBox that has a background color. Because ListTile paints its
background and ink splashes on the nearest Material ancestor, this DecoratedBox will hide those
effects.
To fix this, wrap the ListTile in its own Material widget, or remove the background color from the
intermediate DecoratedBox.

ListTile: ListTile(onTap: Closure: () => void)
DecoratedBox:
  DecoratedBox(bg: BoxDecoration(color: Color(alpha: 1.0000, red: 1.0000, green: 0.9882, blue: 0.9725, colorSpace: ColorSpace.sRGB), border: Border.all(BorderSide(color: Color(alpha: 1.0000, red: 0.8824, green: 0.8549, blue: 0.8235, colorSpace: ColorSpace.sRGB))), borderRadius: BorderRadius.circular(14.0)))
════════════════════════════════════════════════════════════════════════════════════════════════════
══╡ EXCEPTION CAUGHT BY FLUTTER FRAMEWORK ╞═════════════════════════════════════════════════════════
The following assertion was thrown:
ListTile background color or ink splashes may be invisible.
The ListTile is wrapped in a DecoratedBox that has a background color. Because ListTile paints its
background and ink splashes on the nearest Material ancestor, this DecoratedBox will hide those
effects.
To fix this, wrap the ListTile in its own Material widget, or remove the background color from the
intermediate DecoratedBox.

ListTile: ListTile(onTap: Closure: () => void)
DecoratedBox:
  DecoratedBox(bg: BoxDecoration(color: Color(alpha: 1.0000, red: 1.0000, green: 0.9882, blue: 0.9725, colorSpace: ColorSpace.sRGB), border: Border.all(BorderSide(color: Color(alpha: 1.0000, red: 0.8824, green: 0.8549, blue: 0.8235, colorSpace: ColorSpace.sRGB))), borderRadius: BorderRadius.circular(14.0)))
════════════════════════════════════════════════════════════════════════════════════════════════════
══╡ EXCEPTION CAUGHT BY FLUTTER FRAMEWORK ╞═════════════════════════════════════════════════════════
The following assertion was thrown:
ListTile background color or ink splashes may be invisible.
The ListTile is wrapped in a DecoratedBox that has a background color. Because ListTile paints its
background and ink splashes on the nearest Material ancestor, this DecoratedBox will hide those
effects.
To fix this, wrap the ListTile in its own Material widget, or remove the background color from the
intermediate DecoratedBox.

ListTile: ListTile(onTap: Closure: () => void)
DecoratedBox:
  DecoratedBox(bg: BoxDecoration(color: Color(alpha: 1.0000, red: 1.0000, green: 0.9882, blue: 0.9725, colorSpace: ColorSpace.sRGB), border: Border.all(BorderSide(color: Color(alpha: 1.0000, red: 0.8824, green: 0.8549, blue: 0.8235, colorSpace: ColorSpace.sRGB))), borderRadius: BorderRadius.circular(14.0)))
════════════════════════════════════════════════════════════════════════════════════════════════════
00:00 +8 -1: /private/tmp/blab-invite-baseline.rhba7V/test/bubble_expand_test.dart: short Practice bubbles hug their text instead of sharing a minimum width
00:00 +9 -1: /private/tmp/blab-invite-baseline.rhba7V/test/bubble_expand_test.dart: short Practice bubbles hug their text instead of sharing a minimum width
00:00 +9 -1: /private/tmp/blab-invite-baseline.rhba7V/test/translation_preferences_screen_test.dart: renders the approved quiet preference hierarchy
══╡ EXCEPTION CAUGHT BY FLUTTER TEST FRAMEWORK ╞════════════════════════════════════════════════════
The following message was thrown:
Multiple exceptions (6) were detected during the running of the current test, and at least one was
unexpected.
════════════════════════════════════════════════════════════════════════════════════════════════════
00:00 +9 -2: /private/tmp/blab-invite-baseline.rhba7V/test/bubble_expand_test.dart: short Practice bubbles hug their text instead of sharing a minimum width
00:00 +9 -2: /private/tmp/blab-invite-baseline.rhba7V/test/translation_preferences_screen_test.dart: renders the approved quiet preference hierarchy [E]
  Test failed. See exception logs above.
  The test description was: renders the approved quiet preference hierarchy

00:00 +10 -2: /private/tmp/blab-invite-baseline.rhba7V/test/bubble_expand_test.dart: short Practice bubbles hug their text instead of sharing a minimum width
00:00 +11 -2: /private/tmp/blab-invite-baseline.rhba7V/test/bubble_expand_test.dart: short Practice bubbles hug their text instead of sharing a minimum width
00:00 +12 -2: /private/tmp/blab-invite-baseline.rhba7V/test/bubble_expand_test.dart: short Practice bubbles hug their text instead of sharing a minimum width
00:00 +13 -2: /private/tmp/blab-invite-baseline.rhba7V/test/bubble_expand_test.dart: short Practice bubbles hug their text instead of sharing a minimum width
00:00 +14 -2: /private/tmp/blab-invite-baseline.rhba7V/test/bubble_expand_test.dart: short Practice bubbles hug their text instead of sharing a minimum width
00:00 +15 -2: /private/tmp/blab-invite-baseline.rhba7V/test/bubble_expand_test.dart: short Practice bubbles hug their text instead of sharing a minimum width
00:00 +16 -2: /private/tmp/blab-invite-baseline.rhba7V/test/bubble_expand_test.dart: short Practice bubbles hug their text instead of sharing a minimum width
00:00 +17 -2: /private/tmp/blab-invite-baseline.rhba7V/test/bubble_expand_test.dart: short Practice bubbles hug their text instead of sharing a minimum width
00:00 +18 -2: /private/tmp/blab-invite-baseline.rhba7V/test/bubble_expand_test.dart: short Practice bubbles hug their text instead of sharing a minimum width
00:00 +19 -2: /private/tmp/blab-invite-baseline.rhba7V/test/bubble_expand_test.dart: short Practice bubbles hug their text instead of sharing a minimum width
00:00 +20 -2: /private/tmp/blab-invite-baseline.rhba7V/test/reply_translation_preview_test.dart: reply quote preview uses cached translation when available
00:00 +21 -2: /private/tmp/blab-invite-baseline.rhba7V/test/reply_translation_preview_test.dart: reply quote preview uses cached translation when available
00:00 +22 -2: /private/tmp/blab-invite-baseline.rhba7V/test/reply_translation_preview_test.dart: reply quote preview uses cached translation when available
00:00 +23 -2: /private/tmp/blab-invite-baseline.rhba7V/test/reply_translation_preview_test.dart: reply quote preview uses cached translation when available
00:00 +24 -2: /private/tmp/blab-invite-baseline.rhba7V/test/reply_translation_preview_test.dart: reply quote preview uses cached translation when available
00:00 +25 -2: /private/tmp/blab-invite-baseline.rhba7V/test/reply_translation_preview_test.dart: reply quote preview uses cached translation when available
00:00 +26 -2: /private/tmp/blab-invite-baseline.rhba7V/test/reply_translation_preview_test.dart: reply quote preview uses cached translation when available
00:00 +27 -2: /private/tmp/blab-invite-baseline.rhba7V/test/reply_translation_preview_test.dart: reply quote preview uses cached translation when available
00:01 +28 -2: /private/tmp/blab-invite-baseline.rhba7V/test/reply_translation_preview_test.dart: reply quote preview uses cached translation when available
══╡ EXCEPTION CAUGHT BY FLUTTER TEST FRAMEWORK ╞════════════════════════════════════════════════════
The following TestFailure was thrown running a test:
Expected: exactly one matching candidate
  Actual: _TextWidgetFinder:<Found 0 widgets with text "ஆம்": []>
   Which: means none were found but one was expected

When the exception was thrown, this was the stack:
#4      main.<anonymous closure> (file:///private/tmp/blab-invite-baseline.rhba7V/test/reply_translation_preview_test.dart:261:5)
<asynchronous suspension>
#5      testWidgets.<anonymous closure>.<anonymous closure> (package:flutter_test/src/widget_tester.dart:192:15)
<asynchronous suspension>
#6      TestWidgetsFlutterBinding._runTestBody (package:flutter_test/src/binding.dart:1952:5)
<asynchronous suspension>
<asynchronous suspension>
(elided one frame from package:stack_trace)

This was caught by the test expectation on the following line:
  file:///private/tmp/blab-invite-baseline.rhba7V/test/reply_translation_preview_test.dart line 261
The test description was:
  reply quote preview uses cached translation when available
════════════════════════════════════════════════════════════════════════════════════════════════════
00:01 +28 -3: /private/tmp/blab-invite-baseline.rhba7V/test/bubble_expand_test.dart: reaction badges use the neutral surface in both directions
00:01 +28 -3: /private/tmp/blab-invite-baseline.rhba7V/test/reply_translation_preview_test.dart: reply quote preview uses cached translation when available [E]
  Test failed. See exception logs above.
  The test description was: reply quote preview uses cached translation when available

00:01 +29 -3: /private/tmp/blab-invite-baseline.rhba7V/test/reply_translation_preview_test.dart: translated reply quote does not overflow at mobile width
00:01 +30 -3: /private/tmp/blab-invite-baseline.rhba7V/test/bubble_expand_test.dart: reaction badges cast a shadow only in Practice mode
00:01 +31 -3: /private/tmp/blab-invite-baseline.rhba7V/test/reply_translation_preview_test.dart: swiping a delivered message starts reply mode
00:01 +32 -3: /private/tmp/blab-invite-baseline.rhba7V/test/reply_translation_preview_test.dart: swiping a delivered message starts reply mode
══╡ EXCEPTION CAUGHT BY FLUTTER TEST FRAMEWORK ╞════════════════════════════════════════════════════
The following assertion was thrown running a test:
The finder "Found 0 widgets with text "ஆம்": []" (used in a call to "drag()") could not find any
matching widgets.

When the exception was thrown, this was the stack:
#0      WidgetController._getElementPoint (package:flutter_test/src/controller.dart:2095:7)
#1      WidgetController.getCenter (package:flutter_test/src/controller.dart:1947:12)
#2      WidgetController.drag (package:flutter_test/src/controller.dart:1604:7)
#3      main.<anonymous closure> (file:///private/tmp/blab-invite-baseline.rhba7V/test/reply_translation_preview_test.dart:288:18)
<asynchronous suspension>
#4      testWidgets.<anonymous closure>.<anonymous closure> (package:flutter_test/src/widget_tester.dart:192:15)
<asynchronous suspension>
#5      TestWidgetsFlutterBinding._runTestBody (package:flutter_test/src/binding.dart:1952:5)
<asynchronous suspension>
<asynchronous suspension>
(elided one frame from package:stack_trace)

The test description was:
  swiping a delivered message starts reply mode
════════════════════════════════════════════════════════════════════════════════════════════════════
00:01 +32 -4: /private/tmp/blab-invite-baseline.rhba7V/test/bubble_expand_test.dart: read outgoing message uses two gray checks
00:01 +32 -4: /private/tmp/blab-invite-baseline.rhba7V/test/reply_translation_preview_test.dart: swiping a delivered message starts reply mode [E]
  Test failed. See exception logs above.
  The test description was: swiping a delivered message starts reply mode

00:01 +33 -4: /private/tmp/blab-invite-baseline.rhba7V/test/bubble_expand_test.dart: delivery failure is a text-only row below the bubble
00:01 +34 -4: /private/tmp/blab-invite-baseline.rhba7V/test/bubble_expand_test.dart: translation failure is a text-only row below the bubble
══╡ EXCEPTION CAUGHT BY FLUTTER TEST FRAMEWORK ╞════════════════════════════════════════════════════
The following TestFailure was thrown running a test:
Expected: exactly one matching candidate
  Actual: _TextWidgetFinder:<Found 0 widgets with text "Couldn’t translate · Retry": []>
   Which: means none were found but one was expected

When the exception was thrown, this was the stack:
#4      main.<anonymous closure> (file:///private/tmp/blab-invite-baseline.rhba7V/test/bubble_expand_test.dart:563:5)
<asynchronous suspension>
#5      testWidgets.<anonymous closure>.<anonymous closure> (package:flutter_test/src/widget_tester.dart:192:15)
<asynchronous suspension>
#6      TestWidgetsFlutterBinding._runTestBody (package:flutter_test/src/binding.dart:1952:5)
<asynchronous suspension>
<asynchronous suspension>
(elided one frame from package:stack_trace)

This was caught by the test expectation on the following line:
  file:///private/tmp/blab-invite-baseline.rhba7V/test/bubble_expand_test.dart line 563
The test description was:
  translation failure is a text-only row below the bubble
════════════════════════════════════════════════════════════════════════════════════════════════════
00:01 +34 -5: /private/tmp/blab-invite-baseline.rhba7V/test/bubble_expand_test.dart: translation failure is a text-only row below the bubble [E]
  Test failed. See exception logs above.
  The test description was: translation failure is a text-only row below the bubble

00:01 +34 -5: /private/tmp/blab-invite-baseline.rhba7V/test/bubble_expand_test.dart: unsupported source shows a neutral hint without retry
══╡ EXCEPTION CAUGHT BY FLUTTER TEST FRAMEWORK ╞════════════════════════════════════════════════════
The following TestFailure was thrown running a test:
Expected: exactly one matching candidate
  Actual: _TextWidgetFinder:<Found 0 widgets with text "Blab doesn’t speak this one yet — try
German.": []>
   Which: means none were found but one was expected

When the exception was thrown, this was the stack:
#4      main.<anonymous closure> (file:///private/tmp/blab-invite-baseline.rhba7V/test/bubble_expand_test.dart:587:5)
<asynchronous suspension>
#5      testWidgets.<anonymous closure>.<anonymous closure> (package:flutter_test/src/widget_tester.dart:192:15)
<asynchronous suspension>
#6      TestWidgetsFlutterBinding._runTestBody (package:flutter_test/src/binding.dart:1952:5)
<asynchronous suspension>
<asynchronous suspension>
(elided one frame from package:stack_trace)

This was caught by the test expectation on the following line:
  file:///private/tmp/blab-invite-baseline.rhba7V/test/bubble_expand_test.dart line 587
The test description was:
  unsupported source shows a neutral hint without retry
════════════════════════════════════════════════════════════════════════════════════════════════════
00:01 +34 -6: /private/tmp/blab-invite-baseline.rhba7V/test/bubble_expand_test.dart: unsupported source shows a neutral hint without retry [E]
  Test failed. See exception logs above.
  The test description was: unsupported source shows a neutral hint without retry

00:01 +34 -6: /private/tmp/blab-invite-baseline.rhba7V/test/bubble_expand_test.dart: no message-adjacent language controls remain
00:01 +35 -6: /private/tmp/blab-invite-baseline.rhba7V/test/bubble_expand_test.dart: Practice long press reveals known-language text and Listen
══╡ EXCEPTION CAUGHT BY FLUTTER TEST FRAMEWORK ╞════════════════════════════════════════════════════
The following TestFailure was thrown running a test:
Expected: exactly one matching candidate
  Actual: _TextWidgetFinder:<Found 0 widgets with text "hello": []>
   Which: means none were found but one was expected

When the exception was thrown, this was the stack:
#4      main.<anonymous closure> (file:///private/tmp/blab-invite-baseline.rhba7V/test/bubble_expand_test.dart:629:5)
<asynchronous suspension>
#5      testWidgets.<anonymous closure>.<anonymous closure> (package:flutter_test/src/widget_tester.dart:192:15)
<asynchronous suspension>
#6      TestWidgetsFlutterBinding._runTestBody (package:flutter_test/src/binding.dart:1952:5)
<asynchronous suspension>
<asynchronous suspension>
(elided one frame from package:stack_trace)

This was caught by the test expectation on the following line:
  file:///private/tmp/blab-invite-baseline.rhba7V/test/bubble_expand_test.dart line 629
The test description was:
  Practice long press reveals known-language text and Listen
════════════════════════════════════════════════════════════════════════════════════════════════════
00:01 +35 -7: /private/tmp/blab-invite-baseline.rhba7V/test/bubble_expand_test.dart: Practice long press reveals known-language text and Listen [E]
  Test failed. See exception logs above.
  The test description was: Practice long press reveals known-language text and Listen

00:01 +35 -7: /private/tmp/blab-invite-baseline.rhba7V/test/bubble_expand_test.dart: Practice Listen speaks the primary visible sentence
══╡ EXCEPTION CAUGHT BY FLUTTER TEST FRAMEWORK ╞════════════════════════════════════════════════════
The following assertion was thrown running a test:
The finder "Found 0 widgets with key [<'message-action-listen'>]: []" (used in a call to "tap()")
could not find any matching widgets.

When the exception was thrown, this was the stack:
#0      WidgetController._getElementPoint (package:flutter_test/src/controller.dart:2095:7)
#1      WidgetController.getCenter (package:flutter_test/src/controller.dart:1947:12)
#2      WidgetController.tap (package:flutter_test/src/controller.dart:1080:7)
#3      main.<anonymous closure> (file:///private/tmp/blab-invite-baseline.rhba7V/test/bubble_expand_test.dart:649:18)
<asynchronous suspension>
#4      testWidgets.<anonymous closure>.<anonymous closure> (package:flutter_test/src/widget_tester.dart:192:15)
<asynchronous suspension>
#5      TestWidgetsFlutterBinding._runTestBody (package:flutter_test/src/binding.dart:1952:5)
<asynchronous suspension>
<asynchronous suspension>
(elided one frame from package:stack_trace)

The test description was:
  Practice Listen speaks the primary visible sentence
════════════════════════════════════════════════════════════════════════════════════════════════════
00:02 +35 -8: /private/tmp/blab-invite-baseline.rhba7V/test/bubble_expand_test.dart: Practice Listen speaks the primary visible sentence [E]
  Test failed. See exception logs above.
  The test description was: Practice Listen speaks the primary visible sentence

00:02 +35 -8: /private/tmp/blab-invite-baseline.rhba7V/test/bubble_expand_test.dart: Normal Original toggles the exact authored second line
══╡ EXCEPTION CAUGHT BY FLUTTER TEST FRAMEWORK ╞════════════════════════════════════════════════════
The following TestFailure was thrown running a test:
Expected: no matching candidates
  Actual: _TextWidgetFinder:<Found 1 widget with text "hallo": [
            Text("hallo", inherit: true, color: Color(alpha: 1.0000, red: 0.1216, green: 0.2000,
blue: 0.2510, colorSpace: ColorSpace.sRGB), size: 16.0, height: 1.5x, dependencies:
[DefaultSelectionStyle, DefaultTextStyle, MediaQuery]),
          ]>
   Which: means one was found but none were expected

When the exception was thrown, this was the stack:
#4      main.<anonymous closure> (file:///private/tmp/blab-invite-baseline.rhba7V/test/bubble_expand_test.dart:671:5)
<asynchronous suspension>
#5      testWidgets.<anonymous closure>.<anonymous closure> (package:flutter_test/src/widget_tester.dart:192:15)
<asynchronous suspension>
#6      TestWidgetsFlutterBinding._runTestBody (package:flutter_test/src/binding.dart:1952:5)
<asynchronous suspension>
<asynchronous suspension>
(elided one frame from package:stack_trace)

This was caught by the test expectation on the following line:
  file:///private/tmp/blab-invite-baseline.rhba7V/test/bubble_expand_test.dart line 671
The test description was:
  Normal Original toggles the exact authored second line
════════════════════════════════════════════════════════════════════════════════════════════════════
00:02 +35 -9: /private/tmp/blab-invite-baseline.rhba7V/test/bubble_expand_test.dart: Normal Original toggles the exact authored second line [E]
  Test failed. See exception logs above.
  The test description was: Normal Original toggles the exact authored second line

00:02 +35 -9: /private/tmp/blab-invite-baseline.rhba7V/test/bubble_expand_test.dart: Reply stores the primary visible text and opens the composer
══╡ EXCEPTION CAUGHT BY FLUTTER TEST FRAMEWORK ╞════════════════════════════════════════════════════
The following TestFailure was thrown running a test:
Expected: 'visible text'
  Actual: 'authored text'
   Which: is different.
          Expected: visible te ...
            Actual: authored t ...
                    ^
           Differ at offset 0

When the exception was thrown, this was the stack:
#4      main.<anonymous closure> (file:///private/tmp/blab-invite-baseline.rhba7V/test/bubble_expand_test.dart:707:5)
<asynchronous suspension>
#5      testWidgets.<anonymous closure>.<anonymous closure> (package:flutter_test/src/widget_tester.dart:192:15)
<asynchronous suspension>
#6      TestWidgetsFlutterBinding._runTestBody (package:flutter_test/src/binding.dart:1952:5)
<asynchronous suspension>
<asynchronous suspension>
(elided one frame from package:stack_trace)

This was caught by the test expectation on the following line:
  file:///private/tmp/blab-invite-baseline.rhba7V/test/bubble_expand_test.dart line 707
The test description was:
  Reply stores the primary visible text and opens the composer
════════════════════════════════════════════════════════════════════════════════════════════════════
00:02 +35 -10: /private/tmp/blab-invite-baseline.rhba7V/test/bubble_expand_test.dart: Reply stores the primary visible text and opens the composer [E]
  Test failed. See exception logs above.
  The test description was: Reply stores the primary visible text and opens the composer

00:02 +35 -10: /private/tmp/blab-invite-baseline.rhba7V/test/bubble_expand_test.dart: Edit uses exact authored text and hides the media action
00:02 +36 -10: /private/tmp/blab-invite-baseline.rhba7V/test/bubble_expand_test.dart: Delete confirms and removes without Undo
00:02 +37 -10: /private/tmp/blab-invite-baseline.rhba7V/test/bubble_expand_test.dart: long press keeps the message viewport height stable
00:02 +38 -10: /private/tmp/blab-invite-baseline.rhba7V/test/bubble_expand_test.dart: normal mode has no translate/play-sentence icon
00:02 +39 -10: /private/tmp/blab-invite-baseline.rhba7V/test/bubble_expand_test.dart: first mode-switch tap dismisses selection
══╡ EXCEPTION CAUGHT BY FLUTTER TEST FRAMEWORK ╞════════════════════════════════════════════════════
The following TestFailure was thrown running a test:
Expected: exactly one matching candidate
  Actual: _KeyWidgetFinder:<Found 0 widgets with key [<'message-action-listen'>]: []>
   Which: means none were found but one was expected

When the exception was thrown, this was the stack:
#4      main.<anonymous closure> (file:///private/tmp/blab-invite-baseline.rhba7V/test/bubble_expand_test.dart:821:5)
<asynchronous suspension>
#5      testWidgets.<anonymous closure>.<anonymous closure> (package:flutter_test/src/widget_tester.dart:192:15)
<asynchronous suspension>
#6      TestWidgetsFlutterBinding._runTestBody (package:flutter_test/src/binding.dart:1952:5)
<asynchronous suspension>
<asynchronous suspension>
(elided one frame from package:stack_trace)

This was caught by the test expectation on the following line:
  file:///private/tmp/blab-invite-baseline.rhba7V/test/bubble_expand_test.dart line 821
The test description was:
  first mode-switch tap dismisses selection
════════════════════════════════════════════════════════════════════════════════════════════════════
00:02 +39 -11: /private/tmp/blab-invite-baseline.rhba7V/test/bubble_expand_test.dart: first mode-switch tap dismisses selection [E]
  Test failed. See exception logs above.
  The test description was: first mode-switch tap dismisses selection

00:02 +39 -11: /private/tmp/blab-invite-baseline.rhba7V/test/bubble_expand_test.dart: swiping open chat background does not change mode
00:02 +40 -11: /private/tmp/blab-invite-baseline.rhba7V/test/bubble_expand_test.dart: swiping the empty left side of an outgoing row replies
00:02 +41 -11: /private/tmp/blab-invite-baseline.rhba7V/test/bubble_expand_test.dart: a diagonal upward gesture on a message row does not reply
00:02 +42 -11: /private/tmp/blab-invite-baseline.rhba7V/test/bubble_expand_test.dart: swiping the empty right side of an incoming row replies
00:02 +43 -11: /private/tmp/blab-invite-baseline.rhba7V/test/bubble_expand_test.dart: swiping a bubble still replies without changing the mode
00:02 +44 -11: Some tests failed.

Failing tests:
  /private/tmp/blab-invite-baseline.rhba7V/test/bubble_expand_test.dart: Normal Original toggles the exact authored second line
  /private/tmp/blab-invite-baseline.rhba7V/test/bubble_expand_test.dart: Practice Listen speaks the primary visible sentence
  /private/tmp/blab-invite-baseline.rhba7V/test/bubble_expand_test.dart: Practice long press reveals known-language text and Listen
  /private/tmp/blab-invite-baseline.rhba7V/test/bubble_expand_test.dart: Reply stores the primary visible text and opens the composer
  ... and 7 more
